// Jest Snapshot v1, https://goo.gl/fbAQLP

exports[`Status component status should be created successfully 1`] = `
<div>
  <span
    className="status"
  >
    test status
  </span>
</div>
`;

exports[`Status component test 1`] = `
<div>
  <span
    className="status"
  >
    test status
  </span>
</div>
`;
