// Jest Snapshot v1, https://goo.gl/fbAQLP

exports[`Products Component snapshot show form 1`] = `
<form
  onSubmit={[Function]}
>
  <div
    className="form"
  >
    <div
      className="formGroup"
    >
      <textarea
        className="textElement"
        name="message"
        onBlur={[Function]}
        onChange={[Function]}
        onDragStart={[Function]}
        onDrop={[Function]}
        onFocus={[Function]}
        placeholder="Сообщение"
        rows={4}
        value=""
      />
    </div>
    <div
      className="formGroup"
    >
      <button
        className="button"
      >
        Отправить
      </button>
    </div>
  </div>
</form>
`;
